// Jest Snapshot v1, https://goo.gl/fbAQLP

exports[`Daily page renders correctly 1`] = `null`;
