// Jest Snapshot v1, https://goo.gl/fbAQLP

exports[`Not found component renders correctly 1`] = `
<div
  className="sc-gtsrHT jMpFrY"
>
  <h1>
    Not Found!
  </h1>
</div>
`;
