// Jest Snapshot v1, https://goo.gl/fbAQLP

exports[`Centered container component renders correctly 1`] = `
<div
  className="sc-bdnxRM jNerll"
/>
`;
