// Jest Snapshot v1, https://goo.gl/fbAQLP

exports[`Column container component renders correctly 1`] = `
<div
  className="sc-bdnxRM eoiijl"
/>
`;
