// Jest Snapshot v1, https://goo.gl/fbAQLP

exports[`Change location modal component renders correctly 1`] = `null`;
