// Jest Snapshot v1, https://goo.gl/fbAQLP

exports[`Location component renders correctly 1`] = `null`;
