// Jest Snapshot v1, https://goo.gl/fbAQLP

exports[`Select location component renders correctly 1`] = `null`;
